QB Aaron Rodgers (8600)
RB Matt Forte (7800)
RB Arian Foster (7600)
WR Julio Jones (9300)
WR Odell Beckham Jr. (9200)
WR Demaryius Thomas (9100)
QB Andrew Luck (8300)
TE Jimmy Graham (5600)
DST Seahawks  (3400)
Total Cost: 68900
Total Projected: 182
None
QB Aaron Rodgers (8600)
RB Matt Forte (7800)
RB Adrian Peterson (7700)
WR Odell Beckham Jr. (9200)
WR Demaryius Thomas (9100)
WR Dez Bryant (8700)
RB Arian Foster (7600)
TE Julius Thomas (4500)
DST Browns  (3100)
Total Cost: 66300
Total Projected: 165
None
THREAD ENDED
QB Andrew Luck (8300)
RB Matt Forte (7800)
RB Arian Foster (7600)
WR Julio Jones (9300)
WR Odell Beckham Jr. (9200)
WR Demaryius Thomas (9100)
QB Aaron Rodgers (8600)
TE Jimmy Graham (5600)
DST Seahawks  (3400)
Total Cost: 68900
Total Projected: 182
None
QB Andrew Luck (8300)
RB Matt Forte (7800)
RB Adrian Peterson (7700)
WR Odell Beckham Jr. (9200)
WR Demaryius Thomas (9100)
WR Dez Bryant (8700)
RB Arian Foster (7600)
TE Julius Thomas (4500)
DST Browns  (3100)
Total Cost: 66000
Total Projected: 165
None
THREAD ENDED
QB Peyton Manning (8200)
RB Matt Forte (7800)
RB Arian Foster (7600)
WR Julio Jones (9300)
WR Odell Beckham Jr. (9200)
WR Demaryius Thomas (9100)
QB Aaron Rodgers (8600)
TE Jimmy Graham (5600)
DST Seahawks  (3400)
Total Cost: 68800
Total Projected: 180
None
QB Peyton Manning (8200)
RB Matt Forte (7800)
RB Adrian Peterson (7700)
WR Odell Beckham Jr. (9200)
WR Demaryius Thomas (9100)
WR Dez Bryant (8700)
RB Arian Foster (7600)
TE Julius Thomas (4500)
DST Browns  (3100)
Total Cost: 65900
Total Projected: 163
None
THREAD ENDED
QB Drew Brees (8000)
RB Matt Forte (7800)
RB Arian Foster (7600)
WR Julio Jones (9300)
WR Odell Beckham Jr. (9200)
WR Demaryius Thomas (9100)
QB Aaron Rodgers (8600)
TE Jimmy Graham (5600)
DST Seahawks  (3400)
Total Cost: 68600
Total Projected: 180
None
QB Drew Brees (8000)
RB Matt Forte (7800)
RB Adrian Peterson (7700)
WR Odell Beckham Jr. (9200)
WR Demaryius Thomas (9100)
WR Dez Bryant (8700)
RB Arian Foster (7600)
TE Julius Thomas (4500)
DST Browns  (3100)
Total Cost: 65700
Total Projected: 163
None
THREAD ENDED
QB Aaron Rodgers (8600)
RB Matt Forte (7800)
RB DeMarco Murray (6700)
WR Julio Jones (9300)
WR Odell Beckham Jr. (9200)
WR Demaryius Thomas (9100)
QB Andrew Luck (8300)
TE Jimmy Graham (5600)
DST Seahawks  (3400)
Total Cost: 68000
Total Projected: 184
None
QB Aaron Rodgers (8600)
RB Jeremy Hill (7100)
RB C.J. Anderson (7000)
WR Randall Cobb (8000)
WR Emmanuel Sanders (7900)
WR A.J. Green (7800)
RB DeMarco Murray (6700)
TE Julius Thomas (4500)
DST Browns  (3100)
Total Cost: 60700
Total Projected: 150
None
THREAD ENDED
QB Andrew Luck (8300)
RB Matt Forte (7800)
RB DeMarco Murray (6700)
WR Julio Jones (9300)
WR Odell Beckham Jr. (9200)
WR Demaryius Thomas (9100)
QB Aaron Rodgers (8600)
TE Jimmy Graham (5600)
DST Seahawks  (3400)
Total Cost: 68000
Total Projected: 184
None
QB Andrew Luck (8300)
RB Jeremy Hill (7100)
RB C.J. Anderson (7000)
WR Randall Cobb (8000)
WR Emmanuel Sanders (7900)
WR A.J. Green (7800)
RB DeMarco Murray (6700)
TE Julius Thomas (4500)
DST Browns  (3100)
Total Cost: 60400
Total Projected: 150
None
THREAD ENDED
